\BOOKMARK [1][-]{section.1}{\376\377\000T\000h\000e\000\040\000p\000r\000o\000b\000l\000e\000m\000\040\000i\000n\000\040\000o\000n\000e\000\040\000p\000i\000c\000t\000u\000r\000e}{}% 1
\BOOKMARK [1][-]{section.2}{\376\377\000T\000h\000e\000\040\000p\000i\000p\000e\000l\000i\000n\000e\000,\000\040\000s\000t\000a\000r\000t\000\040\000t\000o\000\040\000f\000i\000n\000i\000s\000h}{}% 2
\BOOKMARK [1][-]{section.3}{\376\377\000T\000h\000e\000\040\000c\000o\000r\000e\000\040\000i\000d\000e\000a\000,\000\040\000o\000n\000\040\000a\000\040\000g\000r\000a\000p\000h\000\040\000s\000m\000a\000l\000l\000\040\000e\000n\000o\000u\000g\000h\000\040\000t\000o\000\040\000c\000h\000e\000c\000k\000\040\000b\000y\000\040\000h\000a\000n\000d}{}% 3
\BOOKMARK [2][-]{subsection.3.1}{\376\377\000T\000h\000e\000\040\000i\000n\000s\000t\000a\000n\000c\000e}{section.3}% 4
\BOOKMARK [2][-]{subsection.3.2}{\376\377\000T\000h\000r\000e\000e\000\040\000w\000a\000y\000s\000\040\000t\000o\000\040\000b\000e\000\040\000w\000r\000o\000n\000g\000,\000\040\000a\000n\000d\000\040\000o\000n\000e\000\040\000w\000a\000y\000\040\000t\000o\000\040\000b\000e\000\040\000r\000i\000g\000h\000t}{section.3}% 5
\BOOKMARK [2][-]{subsection.3.3}{\376\377\000T\000h\000e\000\040\000h\000a\000n\000d\000-\000c\000h\000e\000c\000k\000a\000b\000l\000e\000\040\000a\000r\000i\000t\000h\000m\000e\000t\000i\000c}{section.3}% 6
\BOOKMARK [2][-]{subsection.3.4}{\376\377\000T\000h\000r\000e\000e\000\040\000i\000n\000d\000e\000p\000e\000n\000d\000e\000n\000t\000\040\000s\000o\000l\000v\000e\000r\000s\000,\000\040\000o\000n\000e\000\040\000a\000n\000s\000w\000e\000r}{section.3}% 7
\BOOKMARK [1][-]{section.4}{\376\377\000T\000h\000e\000\040\000h\000i\000d\000d\000e\000n\000\040\000p\000a\000t\000t\000e\000r\000n\000:\000\040\000w\000h\000y\000\040\000g\000e\000n\000e\000r\000i\000c\000\040\000Q\000U\000B\000O\000\040\000s\000o\000l\000v\000e\000r\000s\000\040\000f\000a\000i\000l\000\040\000h\000e\000r\000e}{}% 8
\BOOKMARK [1][-]{section.5}{\376\377\000H\000o\000w\000\040\000t\000h\000e\000\040\000b\000e\000n\000c\000h\000m\000a\000r\000k\000\040\000w\000o\000r\000k\000s\000\040\000\050\000a\000n\000d\000\040\000h\000o\000w\000\040\000i\000t\000\040\000a\000u\000d\000i\000t\000e\000d\000\040\000i\000t\000s\000e\000l\000f\000\051}{}% 9
\BOOKMARK [2][-]{subsection.5.1}{\376\377\000T\000h\000e\000\040\000m\000e\000a\000s\000u\000r\000e\000m\000e\000n\000t\000\040\000d\000e\000s\000i\000g\000n}{section.5}% 10
\BOOKMARK [2][-]{subsection.5.2}{\376\377\000T\000h\000e\000\040\000m\000e\000t\000r\000i\000c\000s\000,\000\040\000d\000e\000f\000i\000n\000e\000d}{section.5}% 11
\BOOKMARK [2][-]{subsection.5.3}{\376\377\000T\000h\000e\000\040\000a\000u\000d\000i\000t\000\040\000c\000a\000u\000g\000h\000t\000\040\000t\000h\000e\000\040\000a\000u\000d\000i\000t}{section.5}% 12
\BOOKMARK [1][-]{section.6}{\376\377\000R\000e\000s\000u\000l\000t\000s\000\040\000I\000:\000\040\000t\000h\000e\000\040\000h\000o\000n\000e\000s\000t\000\040\000s\000c\000o\000r\000e\000b\000o\000a\000r\000d}{}% 13
\BOOKMARK [2][-]{subsection.6.1}{\376\377\000R\000e\000a\000d\000i\000n\000g\000\040\000t\000h\000e\000\040\000s\000c\000o\000r\000e\000b\000o\000a\000r\000d\000\040\000l\000i\000k\000e\000\040\000a\000\040\000r\000e\000v\000i\000e\000w\000e\000r}{section.6}% 14
\BOOKMARK [1][-]{section.7}{\376\377\000R\000e\000s\000u\000l\000t\000s\000\040\000I\000I\000:\000\040\000t\000h\000e\000\040\000c\000o\000n\000s\000t\000r\000a\000i\000n\000t\000-\000p\000r\000e\000s\000s\000u\000r\000e\000\040\000s\000w\000e\000e\000p\000\040\040\024\000\040\000d\000o\000e\000s\000\040\000t\000h\000e\000\040\000g\000u\000a\000r\000a\000n\000t\000e\000e\000\040\000e\000v\000e\000r\000\040\000p\000a\000y\000?}{}% 15
\BOOKMARK [1][-]{section.8}{\376\377\000R\000e\000s\000u\000l\000t\000s\000\040\000I\000I\000I\000:\000\040\000t\000h\000e\000\040\000a\000s\000s\000i\000g\000n\000m\000e\000n\000t\000\040\000l\000a\000y\000e\000r\000\040\040\024\000\040\000w\000h\000e\000r\000e\000\040\000t\000h\000e\000\040\000p\000r\000o\000j\000e\000c\000t\000\040\000g\000e\000n\000u\000i\000n\000e\000l\000y\000\040\000w\000i\000n\000s}{}% 16
\BOOKMARK [1][-]{section.9}{\376\377\000R\000e\000s\000u\000l\000t\000s\000\040\000I\000V\000:\000\040\000s\000c\000a\000l\000e\000\040\040\024\000\040\000w\000h\000e\000r\000e\000\040\000t\000h\000e\000\040\000s\000t\000o\000r\000y\000\040\000h\000a\000s\000\040\000t\000o\000\040\000e\000n\000d\000\040\000u\000p}{}% 17
\BOOKMARK [1][-]{section.10}{\376\377\000T\000h\000e\000\040\000f\000u\000l\000l\000\040\000s\000c\000o\000r\000e\000c\000a\000r\000d}{}% 18
\BOOKMARK [1][-]{section.11}{\376\377\000R\000e\000p\000r\000o\000d\000u\000c\000i\000b\000i\000l\000i\000t\000y\000\040\040\024\000\040\000h\000o\000w\000\040\000t\000o\000\040\000s\000h\000o\000w\000\040\000a\000n\000y\000\040\000o\000f\000\040\000t\000h\000i\000s\000\040\000l\000i\000v\000e}{}% 19
\BOOKMARK [1][-]{section.12}{\376\377\000T\000h\000e\000\040\000o\000n\000e\000-\000s\000l\000i\000d\000e\000\040\000c\000h\000e\000a\000t\000\040\000s\000h\000e\000e\000t}{}% 20
